AddNewVehicle/AddNewVehicleDao.class
com/gi/utilities/UIUtility.class
AuthorityLogin/AuthorityHomeFrame.class
AuthorityLogin/DrivingSchoolModel.class
com/gi/signup/SignupFrame$1.class
customerLogin/CustomerFrame$2.class
DrivingSchoolLogin/DrivingSchoolFrame.class
Frame/DrivingSchoolPanel.class
com/gi/login/LoginFrame$3.class
DrivingSchoolLogin/DrivingSchoolFrame$1.class
com/gi/utilities/UIUtility$1.class
com/gi/home/CustomerHomeFrame.class
drivingschool/DrivingSchoolDao.class
drivingschool/DrivingSchooolFrame$3.class
DrivingSchoolLogin/DrivingSchoolDao.class
com/gi/home/CustomerHomeFrame$1.class
AuthorityLogin/AuthorityHomeFrame$3.class
Frame/TypeAuthPanel.class
AuthorityLogin/AuthorityHomeFrame$2.class
com/gi/login/LoginFrame$2.class
DrivingSchoolLogin/DrivingSchoolFrame$2.class
customerLogin/CustomerFrame$3.class
com/gi/signup/SignupModel.class
AddNewVehicle/AddNewVehicleFrame$2.class
drivingschool/DrivingSchooolFrame$2.class
AuthorityLogin/TypeVehicleDao.class
AuthorityLogin/TypeVehicleModel.class
AuthorityLogin/DrivingSchoolDao.class
AuthorityLogin/AuthorityHomeFrame$1.class
com/gi/signup/SignupDao.class
customerLogin/CustomerModel.class
drivingschool/DrivingSchooolFrame$1.class
drivingschool/DrivingSchoolMoodel.class
com/gi/signup/SignupFrame$3.class
AuthorityLogin/AuthorityDao.class
drivingschool/DrivingSchooolFrame.class
DrivingSchoolLogin/DrivingSchoolModel.class
com/gi/login/LoginFrame.class
AddNewVehicle/AddNewVehicleModel.class
com/gi/home/DrivingSchoolHomeFrame$1.class
com/gi/driving/Driving.class
AddNewVehicle/AddNewVehicleFrame$1.class
customerLogin/CustomerFrame$1.class
DrivingSchoolLogin/DrivingSchoolFrame$3.class
AddNewVehicle/AddNewVehicleFrame.class
AuthorityLogin/AuthorityModel.class
com/gi/home/DrivingSchoolHomeFrame.class
com/gi/signup/SignupFrame$2.class
com/gi/login/LoginFrame$4.class
AuthorityLogin/AuthorityHomeFrame$4.class
customerLogin/CustomerFrame.class
customerLogin/CustomerDao.class
com/gi/signup/SignupFrame.class
com/gi/login/LoginDao.class
com/gi/login/LoginModel.class
com/gi/login/LoginFrame$1.class
