/Users/ridhammangukiya/Desktop/AED/driving1/src/main/java/AuthorityLogin/TypeVehicleModel.java
/Users/ridhammangukiya/Desktop/AED/driving1/src/main/java/com/gi/utilities/UIUtility.java
/Users/ridhammangukiya/Desktop/AED/driving1/src/main/java/drivingschool/DrivingSchooolFrame.java
/Users/ridhammangukiya/Desktop/AED/driving1/src/main/java/com/gi/home/CustomerHomeFrame.java
/Users/ridhammangukiya/Desktop/AED/driving1/src/main/java/DrivingSchoolLogin/DrivingSchoolDao.java
/Users/ridhammangukiya/Desktop/AED/driving1/src/main/java/AddNewVehicle/AddNewVehicleModel.java
/Users/ridhammangukiya/Desktop/AED/driving1/src/main/java/AuthorityLogin/TypeVehicleDao.java
/Users/ridhammangukiya/Desktop/AED/driving1/src/main/java/customerLogin/CustomerDao.java
/Users/ridhammangukiya/Desktop/AED/driving1/src/main/java/com/gi/signup/SignupDao.java
/Users/ridhammangukiya/Desktop/AED/driving1/src/main/java/Frame/DrivingSchoolPanel.java
/Users/ridhammangukiya/Desktop/AED/driving1/src/main/java/AuthorityLogin/AuthorityModel.java
/Users/ridhammangukiya/Desktop/AED/driving1/src/main/java/AuthorityLogin/DrivingSchoolModel.java
/Users/ridhammangukiya/Desktop/AED/driving1/src/main/java/com/gi/signup/SignupModel.java
/Users/ridhammangukiya/Desktop/AED/driving1/src/main/java/com/gi/login/LoginDao.java
/Users/ridhammangukiya/Desktop/AED/driving1/src/main/java/com/gi/driving/Driving.java
/Users/ridhammangukiya/Desktop/AED/driving1/src/main/java/drivingschool/DrivingSchoolDao.java
/Users/ridhammangukiya/Desktop/AED/driving1/src/main/java/com/gi/login/LoginFrame.java
/Users/ridhammangukiya/Desktop/AED/driving1/src/main/java/DrivingSchoolLogin/DrivingSchoolFrame.java
/Users/ridhammangukiya/Desktop/AED/driving1/src/main/java/Frame/TypeAuthPanel.java
/Users/ridhammangukiya/Desktop/AED/driving1/src/main/java/AddNewVehicle/AddNewVehicleDao.java
/Users/ridhammangukiya/Desktop/AED/driving1/src/main/java/com/gi/home/DrivingSchoolHomeFrame.java
/Users/ridhammangukiya/Desktop/AED/driving1/src/main/java/customerLogin/CustomerFrame.java
/Users/ridhammangukiya/Desktop/AED/driving1/src/main/java/customerLogin/CustomerModel.java
/Users/ridhammangukiya/Desktop/AED/driving1/src/main/java/AddNewVehicle/AddNewVehicleFrame.java
/Users/ridhammangukiya/Desktop/AED/driving1/src/main/java/drivingschool/DrivingSchoolMoodel.java
/Users/ridhammangukiya/Desktop/AED/driving1/src/main/java/com/gi/signup/SignupFrame.java
/Users/ridhammangukiya/Desktop/AED/driving1/src/main/java/AuthorityLogin/AuthorityHomeFrame.java
/Users/ridhammangukiya/Desktop/AED/driving1/src/main/java/AuthorityLogin/DrivingSchoolDao.java
/Users/ridhammangukiya/Desktop/AED/driving1/src/main/java/DrivingSchoolLogin/DrivingSchoolModel.java
/Users/ridhammangukiya/Desktop/AED/driving1/src/main/java/com/gi/login/LoginModel.java
/Users/ridhammangukiya/Desktop/AED/driving1/src/main/java/AuthorityLogin/AuthorityDao.java
